Analyzing stardust_vault...                                     

   info - Unnecessary use of multiple underscores - lib\main.dart:24:26 - unnecessary_underscores
   info - 'value' is deprecated and shouldn't be used. Use initialValue instead. This will set the initial value for the form field. This feature was deprecated after v3.33.0-1.0.pre - lib\screens\auth_screens.dart:324:13 - deprecated_member_use
warning - The declaration '_catalogOverlay' isn't referenced - lib\screens\dashboard_screen.dart:986:10 - unused_element
  error - Undefined name 'context' - lib\screens\dashboard_screen.dart:998:28 - undefined_identifier
  error - The function 'setState' isn't defined - lib\screens\dashboard_screen.dart:1009:24 - undefined_function
  error - Undefined name '_showCatalog' - lib\screens\dashboard_screen.dart:1009:39 - undefined_identifier
  error - The function 'setState' isn't defined - lib\screens\dashboard_screen.dart:1046:37 - undefined_function
  error - Undefined name '_selectedIndex' - lib\screens\dashboard_screen.dart:1047:39 - undefined_identifier
  error - Undefined name '_showCatalog' - lib\screens\dashboard_screen.dart:1048:39 - undefined_identifier
  error - The function 'setState' isn't defined - lib\screens\dashboard_screen.dart:1086:46 - undefined_function
  error - Undefined name '_showCatalog' - lib\screens\dashboard_screen.dart:1086:61 - undefined_identifier
warning - The declaration '_documentCatalogOverlay' isn't referenced - lib\screens\dashboard_screen.dart:1103:10 - unused_element
  error - Undefined name 'context' - lib\screens\dashboard_screen.dart:1113:28 - undefined_identifier
  error - The function 'setState' isn't defined - lib\screens\dashboard_screen.dart:1124:24 - undefined_function
  error - Undefined name '_showDocumentCatalog' - lib\screens\dashboard_screen.dart:1124:39 - undefined_identifier
  error - The function 'setState' isn't defined - lib\screens\dashboard_screen.dart:1167:37 - undefined_function
  error - Undefined name '_showDocumentCatalog' - lib\screens\dashboard_screen.dart:1167:52 - undefined_identifier
  error - The function '_showAddDocSheet' isn't defined - lib\screens\dashboard_screen.dart:1168:37 - undefined_function
  error - The function 'setState' isn't defined - lib\screens\dashboard_screen.dart:1205:46 - undefined_function
  error - Undefined name '_showDocumentCatalog' - lib\screens\dashboard_screen.dart:1205:61 - undefined_identifier
warning - The declaration '_sidebar' isn't referenced - lib\screens\dashboard_screen.dart:1223:10 - unused_element
  error - Undefined name 'context' - lib\screens\dashboard_screen.dart:1227:25 - undefined_identifier
  error - Undefined name 'context' - lib\screens\dashboard_screen.dart:1232:29 - undefined_identifier
  error - Undefined name 'context' - lib\screens\dashboard_screen.dart:1241:28 - undefined_identifier
  error - Undefined name '_menuItems' - lib\screens\dashboard_screen.dart:1262:24 - undefined_identifier
  error - Undefined name '_menuItems' - lib\screens\dashboard_screen.dart:1264:28 - undefined_identifier
  error - Undefined name '_selectedIndex' - lib\screens\dashboard_screen.dart:1268:27 - undefined_identifier
  error - The function '_onMenuItemSelected' isn't defined - lib\screens\dashboard_screen.dart:1269:30 - undefined_function
  error - Undefined name 'widget' - lib\screens\dashboard_screen.dart:1276:13 - undefined_identifier
  error - Undefined name 'context' - lib\screens\dashboard_screen.dart:1282:52 - undefined_identifier
  error - Undefined name 'context' - lib\screens\dashboard_screen.dart:1291:52 - undefined_identifier
  error - Undefined name 'context' - lib\screens\dashboard_screen.dart:1305:25 - undefined_identifier
  error - Undefined name 'context' - lib\screens\dashboard_screen.dart:1308:57 - undefined_identifier
  error - Undefined name 'context' - lib\screens\dashboard_screen.dart:1319:27 - undefined_identifier
  error - Undefined name 'context' - lib\screens\dashboard_screen.dart:1321:29 - undefined_identifier
  error - Undefined name 'context' - lib\screens\dashboard_screen.dart:1331:40 - undefined_identifier
  error - Undefined name 'context' - lib\screens\dashboard_screen.dart:1332:57 - undefined_identifier
  error - Undefined name 'context' - lib\screens\dashboard_screen.dart:1333:67 - undefined_identifier
warning - The declaration '_appBar' isn't referenced - lib\screens\dashboard_screen.dart:1365:10 - unused_element
  error - Undefined name 'context' - lib\screens\dashboard_screen.dart:1366:43 - undefined_identifier
  error - Undefined name 'context' - lib\screens\dashboard_screen.dart:1376:62 - undefined_identifier
  error - Undefined name '_scaffoldKey' - lib\screens\dashboard_screen.dart:1377:32 - undefined_identifier
  error - Undefined name 'widget' - lib\screens\dashboard_screen.dart:1387:30 - undefined_identifier
  error - The function '_showLoginRequiredPrompt' isn't defined - lib\screens\dashboard_screen.dart:1387:47 - undefined_function
  error - The function 'setState' isn't defined - lib\screens\dashboard_screen.dart:1387:76 - undefined_function
  error - Undefined name '_showDocumentCatalog' - lib\screens\dashboard_screen.dart:1387:91 - undefined_identifier
  error - Undefined name 'widget' - lib\screens\dashboard_screen.dart:1395:32 - undefined_identifier
  error - The function '_showLoginRequiredPrompt' isn't defined - lib\screens\dashboard_screen.dart:1395:49 - undefined_function
  error - The function '_showAddAssetSheet' isn't defined - lib\screens\dashboard_screen.dart:1395:78 - undefined_function
  error - Undefined name 'context' - lib\screens\dashboard_screen.dart:1405:29 - undefined_identifier
  error - Undefined name 'widget' - lib\screens\dashboard_screen.dart:1446:20 - undefined_identifier
  error - Undefined name 'context' - lib\screens\dashboard_screen.dart:1447:95 - undefined_identifier
  error - Undefined name 'widget' - lib\screens\dashboard_screen.dart:1448:20 - undefined_identifier
  error - Undefined name 'context' - lib\screens\dashboard_screen.dart:1449:95 - undefined_identifier
  error - Undefined name 'context' - lib\screens\dashboard_screen.dart:1456:37 - undefined_identifier
  error - Undefined name 'widget' - lib\screens\dashboard_screen.dart:1457:23 - undefined_identifier
  error - Undefined name 'context' - lib\screens\dashboard_screen.dart:1467:47 - undefined_identifier
  error - Undefined name 'context' - lib\screens\dashboard_screen.dart:1467:87 - undefined_identifier
  error - Undefined name 'context' - lib\screens\dashboard_screen.dart:1468:62 - undefined_identifier
warning - The declaration '_mainContentArea' isn't referenced - lib\screens\dashboard_screen.dart:1489:10 - unused_element
  error - The named parameter 'assets' isn't defined - lib\screens\dashboard_screen.dart:1492:20 - undefined_named_parameter
  error - Undefined name '_assets' - lib\screens\dashboard_screen.dart:1492:28 - undefined_identifier
  error - The function 'setState' isn't defined - lib\screens\dashboard_screen.dart:1492:51 - undefined_function
  error - Undefined name '_selectedIndex' - lib\screens\dashboard_screen.dart:1492:66 - undefined_identifier
  error - Undefined name 'widget' - lib\screens\dashboard_screen.dart:1492:96 - undefined_identifier
  error - The named parameter 'policies' isn't defined - lib\screens\dashboard_screen.dart:1493:23 - undefined_named_parameter
  error - Undefined name '_policies' - lib\screens\dashboard_screen.dart:1493:33 - undefined_identifier
  error - The function 'setState' isn't defined - lib\screens\dashboard_screen.dart:1493:58 - undefined_function
  error - Undefined name '_selectedIndex' - lib\screens\dashboard_screen.dart:1493:73 - undefined_identifier
  error - Undefined name 'widget' - lib\screens\dashboard_screen.dart:1493:103 - undefined_identifier
  error - The named parameter 'passwords' isn't defined - lib\screens\dashboard_screen.dart:1494:23 - undefined_named_parameter
  error - Undefined name '_passwords' - lib\screens\dashboard_screen.dart:1494:34 - undefined_identifier
  error - The function 'setState' isn't defined - lib\screens\dashboard_screen.dart:1494:60 - undefined_function
  error - Undefined name '_selectedIndex' - lib\screens\dashboard_screen.dart:1494:75 - undefined_identifier
  error - Undefined name 'widget' - lib\screens\dashboard_screen.dart:1494:105 - undefined_identifier
  error - The named parameter 'docs' isn't defined - lib\screens\dashboard_screen.dart:1495:25 - undefined_named_parameter
  error - Undefined name '_docs' - lib\screens\dashboard_screen.dart:1495:31 - undefined_identifier
  error - The function 'setState' isn't defined - lib\screens\dashboard_screen.dart:1495:52 - undefined_function
  error - Undefined name '_selectedIndex' - lib\screens\dashboard_screen.dart:1495:67 - undefined_identifier
  error - Undefined name 'widget' - lib\screens\dashboard_screen.dart:1495:97 - undefined_identifier
  error - The named parameter 'contacts' isn't defined - lib\screens\dashboard_screen.dart:1496:22 - undefined_named_parameter
  error - Undefined name '_contacts' - lib\screens\dashboard_screen.dart:1496:32 - undefined_identifier
  error - The function 'setState' isn't defined - lib\screens\dashboard_screen.dart:1496:57 - undefined_function
  error - Undefined name '_selectedIndex' - lib\screens\dashboard_screen.dart:1496:72 - undefined_identifier
  error - Undefined name 'widget' - lib\screens\dashboard_screen.dart:1496:102 - undefined_identifier
  error - The named parameter 'others' isn't defined - lib\screens\dashboard_screen.dart:1497:20 - undefined_named_parameter
  error - Undefined name '_others' - lib\screens\dashboard_screen.dart:1497:28 - undefined_identifier
  error - The function 'setState' isn't defined - lib\screens\dashboard_screen.dart:1497:51 - undefined_function
  error - Undefined name '_selectedIndex' - lib\screens\dashboard_screen.dart:1497:66 - undefined_identifier
  error - Undefined name 'widget' - lib\screens\dashboard_screen.dart:1497:96 - undefined_identifier
  error - Undefined name '_selectedIndex' - lib\screens\dashboard_screen.dart:1501:20 - undefined_identifier
  error - Undefined name 'widget' - lib\screens\dashboard_screen.dart:1505:24 - undefined_identifier
  error - Undefined name 'widget' - lib\screens\dashboard_screen.dart:1507:12 - undefined_identifier
  error - Undefined name 'widget' - lib\screens\dashboard_screen.dart:1540:30 - undefined_identifier
  error - Undefined name 'widget' - lib\screens\dashboard_screen.dart:1540:48 - undefined_identifier
  error - The function 'setState' isn't defined - lib\screens\dashboard_screen.dart:1548:40 - undefined_function
  error - Undefined name '_showTour' - lib\screens\dashboard_screen.dart:1548:55 - undefined_identifier
  error - Undefined name 'widget' - lib\screens\dashboard_screen.dart:1555:27 - undefined_identifier
  error - Undefined name 'widget' - lib\screens\dashboard_screen.dart:1555:45 - undefined_identifier
  error - The function 'setState' isn't defined - lib\screens\dashboard_screen.dart:1562:34 - undefined_function
  error - Undefined name '_showTour' - lib\screens\dashboard_screen.dart:1562:49 - undefined_identifier
  error - The function '_onMenuItemSelected' isn't defined - lib\screens\dashboard_screen.dart:1585:112 - undefined_function
  error - The function '_onMenuItemSelected' isn't defined - lib\screens\dashboard_screen.dart:1586:100 - undefined_function
  error - The function '_onMenuItemSelected' isn't defined - lib\screens\dashboard_screen.dart:1587:95 - undefined_function
  error - The function '_onMenuItemSelected' isn't defined - lib\screens\dashboard_screen.dart:1588:95 - undefined_function
  error - Undefined name 'context' - lib\screens\dashboard_screen.dart:1597:28 - undefined_identifier
  error - Undefined name 'context' - lib\screens\dashboard_screen.dart:1627:28 - undefined_identifier
  error - Undefined name 'context' - lib\screens\dashboard_screen.dart:1628:43 - undefined_identifier
  error - Undefined name 'context' - lib\screens\dashboard_screen.dart:1667:28 - undefined_identifier
  error - Undefined name 'widget' - lib\screens\dashboard_screen.dart:1695:28 - undefined_identifier
  error - The function '_showLoginRequiredPrompt' isn't defined - lib\screens\dashboard_screen.dart:1695:45 - undefined_function
  error - The function 'setState' isn't defined - lib\screens\dashboard_screen.dart:1695:74 - undefined_function
  error - Undefined name '_showDocumentCatalog' - lib\screens\dashboard_screen.dart:1695:89 - undefined_identifier
  error - Undefined name 'widget' - lib\screens\dashboard_screen.dart:1701:28 - undefined_identifier
  error - The function '_showLoginRequiredPrompt' isn't defined - lib\screens\dashboard_screen.dart:1701:45 - undefined_function
  error - The function '_showAddNomineeSheet' isn't defined - lib\screens\dashboard_screen.dart:1701:74 - undefined_function
  error - The function 'setState' isn't defined - lib\screens\dashboard_screen.dart:1706:28 - undefined_function
  error - Undefined name '_showCatalog' - lib\screens\dashboard_screen.dart:1706:43 - undefined_identifier
  error - Undefined name 'context' - lib\screens\dashboard_screen.dart:1715:28 - undefined_identifier
  error - Expected a method, getter, setter or operator declaration - lib\screens\dashboard_screen.dart:1749:1 - expected_executable
   info - Use interpolation to compose strings and values - lib\screens\features\security_log_screen.dart:131:51 - prefer_interpolation_to_compose_strings
   info - Don't invoke 'print' in production code - lib\services\api_client.dart:71:7 - avoid_print
   info - Use the null-aware marker '?' rather than a null check via an 'if' - lib\services\auth_service.dart:52:7 - use_null_aware_elements
   info - Use the null-aware marker '?' rather than a null check via an 'if' - lib\services\auth_service.dart:54:7 - use_null_aware_elements
   info - Use the null-aware marker '?' rather than a null check via an 'if' - lib\services\auth_service.dart:55:7 - use_null_aware_elements

